
> pizzeriaex@0.0.0 build
> vite build

failed to load config from /Users/branimirbarovic/.gemini/antigravity/scratch/miran-let/pizzeriaex/vite.config.js
error during build:
ReferenceError: require is not defined in ES module scope, you can use import instead
    at file:///Users/branimirbarovic/.gemini/antigravity/scratch/miran-let/pizzeriaex/node_modules/vite-plugin-prerender/dist/index.mjs:6:21
    at ModuleJob.run (node:internal/modules/esm/module_job:430:25)
    at async onImport.tracePromise.__proto__ (node:internal/modules/esm/loader:639:26)
    at async loadConfigFromBundledFile (file:///Users/branimirbarovic/.gemini/antigravity/scratch/miran-let/pizzeriaex/node_modules/vite/dist/node/chunks/dep-D4NMHUTW.js:49451:15)
    at async bundleAndLoadConfigFile (file:///Users/branimirbarovic/.gemini/antigravity/scratch/miran-let/pizzeriaex/node_modules/vite/dist/node/chunks/dep-D4NMHUTW.js:49294:22)
    at async loadConfigFromFile (file:///Users/branimirbarovic/.gemini/antigravity/scratch/miran-let/pizzeriaex/node_modules/vite/dist/node/chunks/dep-D4NMHUTW.js:49257:44)
    at async resolveConfig (file:///Users/branimirbarovic/.gemini/antigravity/scratch/miran-let/pizzeriaex/node_modules/vite/dist/node/chunks/dep-D4NMHUTW.js:48752:24)
    at async createBuilder (file:///Users/branimirbarovic/.gemini/antigravity/scratch/miran-let/pizzeriaex/node_modules/vite/dist/node/chunks/dep-D4NMHUTW.js:46736:18)
    at async CAC.<anonymous> (file:///Users/branimirbarovic/.gemini/antigravity/scratch/miran-let/pizzeriaex/node_modules/vite/dist/node/cli.js:862:23)
